para "pausar" el archivo del commit actual se necesita ejecutar el comando "git stash"
una vez hecho esto, podras ir a la master con "git checkout" y borrar el archivo.
posteriormente podras volver a la rama en la que estabas trabajando (en este caso custom-navbar) y sacar el archivo del stash con "git stash pop" 

Lucas@DESKTOP-PITHO2F MINGW64 /c/Desarrollo/EducacionIT
$ cd desafio-3

Lucas@DESKTOP-PITHO2F MINGW64 /c/Desarrollo/EducacionIT/desafio-3
$ git init
Initialized empty Git repository in C:/Desarrollo/EducacionIT/desafio-3/.git/

Lucas@DESKTOP-PITHO2F MINGW64 /c/Desarrollo/EducacionIT/desafio-3 (master)
$ touch status.js

Lucas@DESKTOP-PITHO2F MINGW64 /c/Desarrollo/EducacionIT/desafio-3 (master)
$ git status
On branch master

No commits yet

Untracked files:
  (use "git add <file>..." to include in what will be committed)
        status.js

nothing added to commit but untracked files present (use "git add" to track)

Lucas@DESKTOP-PITHO2F MINGW64 /c/Desarrollo/EducacionIT/desafio-3 (master)
$ git add .

Lucas@DESKTOP-PITHO2F MINGW64 /c/Desarrollo/EducacionIT/desafio-3 (master)
$ git commit -m" status para del "
[master (root-commit) 1b2d61e]  status para del
 1 file changed, 0 insertions(+), 0 deletions(-)
 create mode 100644 status.js

Lucas@DESKTOP-PITHO2F MINGW64 /c/Desarrollo/EducacionIT/desafio-3 (master)
$ git branch custom-navbar

Lucas@DESKTOP-PITHO2F MINGW64 /c/Desarrollo/EducacionIT/desafio-3 (master)
$ git branch
  custom-navbar
* master

Lucas@DESKTOP-PITHO2F MINGW64 /c/Desarrollo/EducacionIT/desafio-3 (master)
$ git remote add origin https://github.com/LucaSamaniego/website.git

Lucas@DESKTOP-PITHO2F MINGW64 /c/Desarrollo/EducacionIT/desafio-3 (master)
$ git push
fatal: The current branch master has no upstream branch.
To push the current branch and set the remote as upstream, use

    git push --set-upstream origin master

To have this happen automatically for branches without a tracking
upstream, see 'push.autoSetupRemote' in 'git help config'.


Lucas@DESKTOP-PITHO2F MINGW64 /c/Desarrollo/EducacionIT/desafio-3 (master)
$ git push -u origin master
Enumerating objects: 3, done.
Counting objects: 100% (3/3), done.
Writing objects: 100% (3/3), 221 bytes | 221.00 KiB/s, done.
Total 3 (delta 0), reused 0 (delta 0), pack-reused 0
To https://github.com/LucaSamaniego/website.git
 * [new branch]      master -> master
branch 'master' set up to track 'origin/master'.

Lucas@DESKTOP-PITHO2F MINGW64 /c/Desarrollo/EducacionIT/desafio-3 (master)
$ git branch
  custom-navbar
* master

Lucas@DESKTOP-PITHO2F MINGW64 /c/Desarrollo/EducacionIT/desafio-3 (master)
$ git checkout custom-navbar
Switched to branch 'custom-navbar'

Lucas@DESKTOP-PITHO2F MINGW64 /c/Desarrollo/EducacionIT/desafio-3 (custom-navbar)
$ touch prueba.txt

Lucas@DESKTOP-PITHO2F MINGW64 /c/Desarrollo/EducacionIT/desafio-3 (custom-navbar)
$ git add .

Lucas@DESKTOP-PITHO2F MINGW64 /c/Desarrollo/EducacionIT/desafio-3 (custom-navbar)
$ git commit -m"prueba para pasar a master con stash"
[custom-navbar af57d6b] prueba para pasar a master con stash
 1 file changed, 0 insertions(+), 0 deletions(-)
 create mode 100644 prueba.txt

Lucas@DESKTOP-PITHO2F MINGW64 /c/Desarrollo/EducacionIT/desafio-3 (custom-navbar)
$ vim prueba.txt

Lucas@DESKTOP-PITHO2F MINGW64 /c/Desarrollo/EducacionIT/desafio-3 (custom-navbar)
$ git stash
warning: in the working copy of 'prueba.txt', LF will be replaced by CRLF the next time Git touches it
Saved working directory and index state WIP on custom-navbar: af57d6b prueba para pasar a master con stash

Lucas@DESKTOP-PITHO2F MINGW64 /c/Desarrollo/EducacionIT/desafio-3 (custom-navbar)
$ git status
On branch custom-navbar
nothing to commit, working tree clean

Lucas@DESKTOP-PITHO2F MINGW64 /c/Desarrollo/EducacionIT/desafio-3 (custom-navbar)
$ git checkout master
Switched to branch 'master'
Your branch is up to date with 'origin/master'.

Lucas@DESKTOP-PITHO2F MINGW64 /c/Desarrollo/EducacionIT/desafio-3 (master)
$ dir
status.js

Lucas@DESKTOP-PITHO2F MINGW64 /c/Desarrollo/EducacionIT/desafio-3 (master)
$ rm status.js -r

Lucas@DESKTOP-PITHO2F MINGW64 /c/Desarrollo/EducacionIT/desafio-3 (master)
$ git status
On branch master
Your branch is up to date with 'origin/master'.

Changes not staged for commit:
  (use "git add/rm <file>..." to update what will be committed)
  (use "git restore <file>..." to discard changes in working directory)
        deleted:    status.js

no changes added to commit (use "git add" and/or "git commit -a")

Lucas@DESKTOP-PITHO2F MINGW64 /c/Desarrollo/EducacionIT/desafio-3 (master)
$ git add .

Lucas@DESKTOP-PITHO2F MINGW64 /c/Desarrollo/EducacionIT/desafio-3 (master)
$ git commit -m "borrado status.js"
[master 9dc0272] borrado status.js
 1 file changed, 0 insertions(+), 0 deletions(-)
 delete mode 100644 status.js

Lucas@DESKTOP-PITHO2F MINGW64 /c/Desarrollo/EducacionIT/desafio-3 (master)
$ git checkout custom-navbar
Switched to branch 'custom-navbar'

Lucas@DESKTOP-PITHO2F MINGW64 /c/Desarrollo/EducacionIT/desafio-3 (custom-navbar)
$ git stash pop
On branch custom-navbar
Changes not staged for commit:
  (use "git add <file>..." to update what will be committed)
  (use "git restore <file>..." to discard changes in working directory)
        modified:   prueba.txt

no changes added to commit (use "git add" and/or "git commit -a")
Dropped refs/stash@{0} (54eff43cdb3cc5886645ddc700c81ce573ae1b98)

